only 0 bananas, need more bananas
only 1 bananas, need more bananas
only 2 bananas, need more bananas
only 3 bananas, need more bananas
only 4 bananas, need more bananas
perfect amount of bananas 😍
6 bananas is too many bananas!
7 bananas is too many bananas!
8 bananas is too many bananas!
9 bananas is too many bananas!
10 bananas is too many bananas!
